 
****************************************
Report : area
Design : fma_32bit_variants
Version: Q-2019.12-SP4
Date   : Mon Feb  2 22:23:43 2026
****************************************

Information: Updating design information... (UID-85)
Library(s) Used:

    sky130_fd_sc_hd__tt_025C_1v80 (File: /Business/EDA_xq_company/wangyipeng/kexin/sky130_fd_sc_hd__tt_025C_1v80.db)

Number of ports:                          416
Number of nets:                          6282
Number of cells:                         5295
Number of combinational cells:           5295
Number of sequential cells:                 0
Number of macros/black boxes:               0
Number of buf/inv:                        658
Number of references:                      52

Combinational area:              47007.583062
Buf/Inv area:                     4571.884778
Noncombinational area:               0.000000
Macro/Black Box area:                0.000000
Net Interconnect area:      undefined  (Wire load has zero net area)

Total cell area:                 47007.583062
Total area:                 undefined
1
